// Jest Snapshot v1, https://goo.gl/fbAQLP

exports[`MixedRouteQuoterV2 quotes #quoteExactInput V3 only 0 -> 2 -> 1 1`] = `374377`;

exports[`MixedRouteQuoterV2 quotes #quoteExactInput V3 only 0 -> 2 cross 0 tick, starting tick initialized 1`] = `170731`;

exports[`MixedRouteQuoterV2 quotes #quoteExactInput V3 only 0 -> 2 cross 0 tick, starting tick not initialized 1`] = `142425`;

exports[`MixedRouteQuoterV2 quotes #quoteExactInput V3 only 0 -> 2 cross 1 tick 1`] = `199451`;

exports[`MixedRouteQuoterV2 quotes #quoteExactInput V3 only 0 -> 2 cross 2 tick 1`] = `245426`;

exports[`MixedRouteQuoterV2 quotes #quoteExactInput V3 only 0 -> 2 cross 2 tick where after is initialized 1`] = `199489`;

exports[`MixedRouteQuoterV2 quotes #quoteExactInput V3 only 2 -> 0 cross 0 tick, starting tick initialized 1`] = `131792`;

exports[`MixedRouteQuoterV2 quotes #quoteExactInput V3 only 2 -> 0 cross 0 tick, starting tick not initialized 1`] = `131792`;

exports[`MixedRouteQuoterV2 quotes #quoteExactInput V3 only 2 -> 0 cross 2 1`] = `234622`;

exports[`MixedRouteQuoterV2 quotes #quoteExactInput V3 only 2 -> 0 cross 2 where tick after is initialized 1`] = `234630`;

exports[`MixedRouteQuoterV2 quotes #quoteExactInput V3 only 2 -> 1 1`] = `131455`;

exports[`MixedRouteQuoterV2 quotes #quoteExactInputSingle V3 0 -> 2 1`] = `245408`;

exports[`MixedRouteQuoterV2 quotes #quoteExactInputSingle V3 2 -> 0 1`] = `234594`;

exports[`MixedRouteQuoterV2 quotes #quoteExactOutput 0 -> 2 -> 1 1`] = `377977`;

exports[`MixedRouteQuoterV2 quotes #quoteExactOutput 0 -> 2 cross 0 tick starting tick initialized 1`] = `172237`;

exports[`MixedRouteQuoterV2 quotes #quoteExactOutput 0 -> 2 cross 0 tick starting tick not initialized 1`] = `143951`;

exports[`MixedRouteQuoterV2 quotes #quoteExactOutput 0 -> 2 cross 1 tick 1`] = `200688`;

exports[`MixedRouteQuoterV2 quotes #quoteExactOutput 0 -> 2 cross 2 tick 1`] = `246419`;

exports[`MixedRouteQuoterV2 quotes #quoteExactOutput 0 -> 2 cross 2 where tick after is initialized 1`] = `200726`;

exports[`MixedRouteQuoterV2 quotes #quoteExactOutput 2 -> 0 cross 1 tick 1`] = `191105`;

exports[`MixedRouteQuoterV2 quotes #quoteExactOutput 2 -> 0 cross 2 ticks 1`] = `236741`;

exports[`MixedRouteQuoterV2 quotes #quoteExactOutput 2 -> 0 cross 2 where tick after is initialized 1`] = `236735`;

exports[`MixedRouteQuoterV2 quotes #quoteExactOutput 2 -> 1 1`] = `134045`;

exports[`MixedRouteQuoterV2 quotes #quoteExactOutputSingle 0 -> 1 1`] = `144740`;

exports[`MixedRouteQuoterV2 quotes #quoteExactOutputSingle 1 -> 0 1`] = `134654`;
