// Jest Snapshot v1, https://goo.gl/fbAQLP

exports[`PositionValue #fees when price is above the position range gas 1`] = `74659`;

exports[`PositionValue #fees when price is below the position range gas 1`] = `74627`;

exports[`PositionValue #fees when price is within the position range gas 1`] = `80727`;

exports[`PositionValue #principal gas 1`] = `42002`;

exports[`PositionValue #total gas 1`] = `90789`;
