// Jest Snapshot v1, https://goo.gl/fbAQLP

exports[`QuoterV2 quotes #quoteExactInput 0 -> 2 -> 1 1`] = `372915`;

exports[`QuoterV2 quotes #quoteExactInput 0 -> 2 cross 0 tick, starting tick initialized 1`] = `171690`;

exports[`QuoterV2 quotes #quoteExactInput 0 -> 2 cross 0 tick, starting tick not initialized 1`] = `139492`;

exports[`QuoterV2 quotes #quoteExactInput 0 -> 2 cross 1 tick 1`] = `197010`;

exports[`QuoterV2 quotes #quoteExactInput 0 -> 2 cross 2 tick 1`] = `243995`;

exports[`QuoterV2 quotes #quoteExactInput 0 -> 2 cross 2 tick where after is initialized 1`] = `197048`;

exports[`QuoterV2 quotes #quoteExactInput 2 -> 0 cross 0 tick, starting tick initialized 1`] = `131749`;

exports[`QuoterV2 quotes #quoteExactInput 2 -> 0 cross 0 tick, starting tick not initialized 1`] = `127848`;

exports[`QuoterV2 quotes #quoteExactInput 2 -> 0 cross 2 1`] = `232169`;

exports[`QuoterV2 quotes #quoteExactInput 2 -> 0 cross 2 where tick after is initialized 1`] = `232177`;

exports[`QuoterV2 quotes #quoteExactInput 2 -> 1 1`] = `131424`;

exports[`QuoterV2 quotes #quoteExactInputSingle 0 -> 2 1`] = `243977`;

exports[`QuoterV2 quotes #quoteExactInputSingle 2 -> 0 1`] = `232141`;

exports[`QuoterV2 quotes #quoteExactOutput 0 -> 2 -> 1 1`] = `372515`;

exports[`QuoterV2 quotes #quoteExactOutput 0 -> 2 cross 0 tick starting tick initialized 1`] = `171209`;

exports[`QuoterV2 quotes #quoteExactOutput 0 -> 2 cross 0 tick starting tick not initialized 1`] = `139031`;

exports[`QuoterV2 quotes #quoteExactOutput 0 -> 2 cross 1 tick 1`] = `196260`;

exports[`QuoterV2 quotes #quoteExactOutput 0 -> 2 cross 2 tick 1`] = `243001`;

exports[`QuoterV2 quotes #quoteExactOutput 0 -> 2 cross 2 where tick after is initialized 1`] = `196298`;

exports[`QuoterV2 quotes #quoteExactOutput 2 -> 0 cross 1 tick 1`] = `185627`;

exports[`QuoterV2 quotes #quoteExactOutput 2 -> 0 cross 2 ticks 1`] = `232275`;

exports[`QuoterV2 quotes #quoteExactOutput 2 -> 0 cross 2 where tick after is initialized 1`] = `232269`;

exports[`QuoterV2 quotes #quoteExactOutput 2 -> 1 1`] = `132001`;

exports[`QuoterV2 quotes #quoteExactOutputSingle 0 -> 1 1`] = `143713`;

exports[`QuoterV2 quotes #quoteExactOutputSingle 1 -> 0 1`] = `132606`;
